This is pdfTeX, Version 3.141592653-2.6-1.40.28 (TeX Live 2025) (preloaded format=pdflatex 2026.2.15)  21 APR 2026 23:35
entering extended mode
 restricted \write18 enabled.
 file:line:error style messages enabled.
 %&-line parsing enabled.
**main.tex
(./main.tex
LaTeX2e <2025-11-01>
L3 programming layer <2026-01-19>
(/usr/local/texlive/2025/texmf-dist/tex/latex/base/article.cls
Document Class: article 2025/01/22 v1.4n Standard LaTeX document class
(/usr/local/texlive/2025/texmf-dist/tex/latex/base/size12.clo
File: size12.clo 2025/01/22 v1.4n Standard LaTeX file (size option)
)
\c@part=\count275
\c@section=\count276
\c@subsection=\count277
\c@subsubsection=\count278
\c@paragraph=\count279
\c@subparagraph=\count280
\c@figure=\count281
\c@table=\count282
\abovecaptionskip=\skip49
\belowcaptionskip=\skip50
\bibindent=\dimen148
) (/usr/local/texlive/2025/texmf-dist/tex/latex/base/inputenc.sty
Package: inputenc 2024/02/08 v1.3d Input encoding file
\inpenc@prehook=\toks17
\inpenc@posthook=\toks18
) (/usr/local/texlive/2025/texmf-dist/tex/latex/amsmath/amsmath.sty
Package: amsmath 2025/07/09 v2.17z AMS math features
\@mathmargin=\skip51

For additional information on amsmath, use the `?' option.
(/usr/local/texlive/2025/texmf-dist/tex/latex/amsmath/amstext.sty
Package: amstext 2024/11/17 v2.01 AMS text
 (/usr/local/texlive/2025/texmf-dist/tex/latex/amsmath/amsgen.sty
File: amsgen.sty 1999/11/30 v2.0 generic functions
\@emptytoks=\toks19
\ex@=\dimen149
)) (/usr/local/texlive/2025/texmf-dist/tex/latex/amsmath/amsbsy.sty
Package: amsbsy 1999/11/29 v1.2d Bold Symbols
\pmbraise@=\dimen150
) (/usr/local/texlive/2025/texmf-dist/tex/latex/amsmath/amsopn.sty
Package: amsopn 2022/04/08 v2.04 operator names
)
\inf@bad=\count283
LaTeX Info: Redefining \frac on input line 233.
\uproot@=\count284
\leftroot@=\count285
LaTeX Info: Redefining \overline on input line 398.
LaTeX Info: Redefining \colon on input line 409.
\classnum@=\count286
\DOTSCASE@=\count287
LaTeX Info: Redefining \ldots on input line 495.
LaTeX Info: Redefining \dots on input line 498.
LaTeX Info: Redefining \cdots on input line 619.
\Mathstrutbox@=\box53
\strutbox@=\box54
LaTeX Info: Redefining \big on input line 721.
LaTeX Info: Redefining \Big on input line 722.
LaTeX Info: Redefining \bigg on input line 723.
LaTeX Info: Redefining \Bigg on input line 724.
\big@size=\dimen151
LaTeX Font Info:    Redeclaring font encoding OML on input line 742.
LaTeX Font Info:    Redeclaring font encoding OMS on input line 743.
\macc@depth=\count288
LaTeX Info: Redefining \bmod on input line 904.
LaTeX Info: Redefining \pmod on input line 909.
LaTeX Info: Redefining \smash on input line 939.
LaTeX Info: Redefining \relbar on input line 969.
LaTeX Info: Redefining \Relbar on input line 970.
\c@MaxMatrixCols=\count289
\dotsspace@=\muskip17
\c@parentequation=\count290
\dspbrk@lvl=\count291
\tag@help=\toks20
\row@=\count292
\column@=\count293
\maxfields@=\count294
\andhelp@=\toks21
\eqnshift@=\dimen152
\alignsep@=\dimen153
\tagshift@=\dimen154
\tagwidth@=\dimen155
\totwidth@=\dimen156
\lineht@=\dimen157
\@envbody=\toks22
\multlinegap=\skip52
\multlinetaggap=\skip53
\mathdisplay@stack=\toks23
LaTeX Info: Redefining \[ on input line 2950.
LaTeX Info: Redefining \] on input line 2951.
) (/usr/local/texlive/2025/texmf-dist/tex/latex/tools/bm.sty
Package: bm 2025/10/21 v1.2g Bold Symbol Support (DPC/FMi)
\symboldoperators=\mathgroup4
\symboldletters=\mathgroup5
\symboldsymbols=\mathgroup6
Package bm Info: No bold for \OMX/cmex/m/n, using \pmb.
LaTeX Font Info:    Redeclaring math alphabet \mathbf on input line 149.
) (/usr/local/texlive/2025/texmf-dist/tex/latex/graphics/graphicx.sty
Package: graphicx 2024/12/31 v1.2e Enhanced LaTeX Graphics (DPC,SPQR)
 (/usr/local/texlive/2025/texmf-dist/tex/latex/graphics/keyval.sty
Package: keyval 2022/05/29 v1.15 key=value parser (DPC)
\KV@toks@=\toks24
) (/usr/local/texlive/2025/texmf-dist/tex/latex/graphics/graphics.sty
Package: graphics 2024/08/06 v1.4g Standard LaTeX Graphics (DPC,SPQR)
 (/usr/local/texlive/2025/texmf-dist/tex/latex/graphics/trig.sty
Package: trig 2023/12/02 v1.11 sin cos tan (DPC)
) (/usr/local/texlive/2025/texmf-dist/tex/latex/graphics-cfg/graphics.cfg
File: graphics.cfg 2016/06/04 v1.11 sample graphics configuration
)
Package graphics Info: Driver file: pdftex.def on input line 106.
 (/usr/local/texlive/2025/texmf-dist/tex/latex/graphics-def/pdftex.def
File: pdftex.def 2025/09/29 v1.2d Graphics/color driver for pdftex
))
\Gin@req@height=\dimen158
\Gin@req@width=\dimen159
) (/usr/local/texlive/2025/texmf-dist/tex/latex/xcolor/xcolor.sty
Package: xcolor 2024/09/29 v3.02 LaTeX color extensions (UK)
 (/usr/local/texlive/2025/texmf-dist/tex/latex/graphics-cfg/color.cfg
File: color.cfg 2016/01/02 v1.6 sample color configuration
)
Package xcolor Info: Driver file: pdftex.def on input line 274.
 (/usr/local/texlive/2025/texmf-dist/tex/latex/graphics/mathcolor.ltx)
Package xcolor Info: Model `cmy' substituted by `cmy0' on input line 1349.
Package xcolor Info: Model `hsb' substituted by `rgb' on input line 1353.
Package xcolor Info: Model `RGB' extended on input line 1365.
Package xcolor Info: Model `HTML' substituted by `rgb' on input line 1367.
Package xcolor Info: Model `Hsb' substituted by `hsb' on input line 1368.
Package xcolor Info: Model `tHsb' substituted by `hsb' on input line 1369.
Package xcolor Info: Model `HSB' substituted by `hsb' on input line 1370.
Package xcolor Info: Model `Gray' substituted by `gray' on input line 1371.
Package xcolor Info: Model `wave' substituted by `hsb' on input line 1372.
) (/usr/local/texlive/2025/texmf-dist/tex/latex/colortbl/colortbl.sty
Package: colortbl 2024/10/29 v1.0k Color table columns (DPC)
 (/usr/local/texlive/2025/texmf-dist/tex/latex/tools/array.sty
Package: array 2025/09/25 v2.6n Tabular extension package (FMi)
\col@sep=\dimen160
\ar@mcellbox=\box55
\extrarowheight=\dimen161
\NC@list=\toks25
\extratabsurround=\skip54
\backup@length=\skip55
\ar@cellbox=\box56
)
\everycr=\toks26
\minrowclearance=\skip56
\rownum=\count295
) (/usr/local/texlive/2025/texmf-dist/tex/latex/float/float.sty
Package: float 2001/11/08 v1.3d Float enhancements (AL)
\c@float@type=\count296
\float@exts=\toks27
\float@box=\box57
\@float@everytoks=\toks28
\@floatcapt=\box58
) (/usr/local/texlive/2025/texmf-dist/tex/latex/l3backend/l3backend-pdftex.def
File: l3backend-pdftex.def 2025-10-09 L3 backend support: PDF output (pdfTeX)
\l__color_backend_stack_int=\count297
) (./main.aux)
\openout1 = `main.aux'.

LaTeX Font Info:    Checking defaults for OML/cmm/m/it on input line 11.
LaTeX Font Info:    ... okay on input line 11.
LaTeX Font Info:    Checking defaults for OMS/cmsy/m/n on input line 11.
LaTeX Font Info:    ... okay on input line 11.
LaTeX Font Info:    Checking defaults for OT1/cmr/m/n on input line 11.
LaTeX Font Info:    ... okay on input line 11.
LaTeX Font Info:    Checking defaults for T1/cmr/m/n on input line 11.
LaTeX Font Info:    ... okay on input line 11.
LaTeX Font Info:    Checking defaults for TS1/cmr/m/n on input line 11.
LaTeX Font Info:    ... okay on input line 11.
LaTeX Font Info:    Checking defaults for OMX/cmex/m/n on input line 11.
LaTeX Font Info:    ... okay on input line 11.
LaTeX Font Info:    Checking defaults for U/cmr/m/n on input line 11.
LaTeX Font Info:    ... okay on input line 11.
 (/usr/local/texlive/2025/texmf-dist/tex/context/base/mkii/supp-pdf.mkii
[Loading MPS to PDF converter (version 2006.09.02).]
\scratchcounter=\count298
\scratchdimen=\dimen162
\scratchbox=\box59
\nofMPsegments=\count299
\nofMParguments=\count300
\everyMPshowfont=\toks29
\MPscratchCnt=\count301
\MPscratchDim=\dimen163
\MPnumerator=\count302
\makeMPintoPDFobject=\count303
\everyMPtoPDFconversion=\toks30
) (/usr/local/texlive/2025/texmf-dist/tex/latex/epstopdf-pkg/epstopdf-base.sty
Package: epstopdf-base 2020-01-24 v2.11 Base part for package epstopdf
Package epstopdf-base Info: Redefining graphics rule for `.eps' on input line 485.
 (/usr/local/texlive/2025/texmf-dist/tex/latex/latexconfig/epstopdf-sys.cfg
File: epstopdf-sys.cfg 2010/07/13 v1.3 Configuration of (r)epstopdf for TeX Live
)) (./main.toc)
\tf@toc=\write3
\openout3 = `main.toc'.

 [1

{/usr/local/texlive/2025/texmf-var/fonts/map/pdftex/updmap/pdftex.map}]
<ramp.pdf, id=8, 261.97874pt x 180.675pt>
File: ramp.pdf Graphic file (type pdf)
<use ramp.pdf>
Package pdftex.def Info: ramp.pdf  used on input line 29.
(pdftex.def)             Requested size: 390.0pt x 268.97449pt.
<flat.pdf, id=9, 178.6675pt x 86.3225pt>
File: flat.pdf Graphic file (type pdf)
<use flat.pdf>
Package pdftex.def Info: flat.pdf  used on input line 35.
(pdftex.def)             Requested size: 390.0pt x 188.43742pt.
 [2{/usr/local/texlive/2025/texmf-dist/fonts/enc/dvips/cm-super/cm-super-ts1.enc}] [3 <./ramp.pdf>] [4 <./flat.pdf>]
<FIGA1_no_mag_traj.pdf, id=30, 462.52798pt x 317.98799pt>
File: FIGA1_no_mag_traj.pdf Graphic file (type pdf)
<use FIGA1_no_mag_traj.pdf>
Package pdftex.def Info: FIGA1_no_mag_traj.pdf  used on input line 45.
(pdftex.def)             Requested size: 390.0pt x 268.13672pt.
<FIGA2_no_mag_fric_energ.pdf, id=31, 462.52798pt x 317.98799pt>
File: FIGA2_no_mag_fric_energ.pdf Graphic file (type pdf)
<use FIGA2_no_mag_fric_energ.pdf>
Package pdftex.def Info: FIGA2_no_mag_fric_energ.pdf  used on input line 51.
(pdftex.def)             Requested size: 175.49881pt x 120.65715pt.
<FIGA3_no_mag_fric_traj.pdf, id=32, 462.52798pt x 317.98799pt>
File: FIGA3_no_mag_fric_traj.pdf Graphic file (type pdf)
<use FIGA3_no_mag_fric_traj.pdf>
Package pdftex.def Info: FIGA3_no_mag_fric_traj.pdf  used on input line 52.
(pdftex.def)             Requested size: 175.49881pt x 120.65715pt.
 [5 <./FIGA1_no_mag_traj.pdf>] [6 <./FIGA2_no_mag_fric_energ.pdf> <./FIGA3_no_mag_fric_traj.pdf>] [7] [8]
<FIGF1_mag_azimuth.pdf, id=167, 1011.78pt x 361.35pt>
File: FIGF1_mag_azimuth.pdf Graphic file (type pdf)
<use FIGF1_mag_azimuth.pdf>
Package pdftex.def Info: FIGF1_mag_azimuth.pdf  used on input line 79.
(pdftex.def)             Requested size: 390.0pt x 139.28835pt.

Overfull \hbox (27.82193pt too wide) in paragraph at lines 75--81
\OT1/cmr/m/n/12 with po-lar an-gle $\OML/cmm/m/it/12 '$ \OT1/cmr/m/n/12 and mod-u-lus $\OML/cmm/m/it/12 ^^V \OT1/cmr/m/n/12 = \OMS/cmsy/m/n/12 k\OML/cmm/b/it/12 ^^V\OMS/cmsy/m/n/12 k$\OT1/cmr/m/n/12 . For each mod-u-lus $\OML/cmm/m/it/12 ^^V \OMS/cmsy/m/n/12 2 f\OT1/cmr/m/n/12 0\OML/cmm/m/it/12 :\OT1/cmr/m/n/12 0\OML/cmm/m/it/12 ; \OT1/cmr/m/n/12 0\OML/cmm/m/it/12 :\OT1/cmr/m/n/12 1\OML/cmm/m/it/12 ; [] ; \OT1/cmr/m/n/12 2\OML/cmm/m/it/12 :\OT1/cmr/m/n/12 5\OMS/cmsy/m/n/12 g$\OT1/cmr/m/n/12 ,
 []

<FIGF2_mag_mom_traj.pdf, id=168, 1084.05pt x 361.35pt>
File: FIGF2_mag_mom_traj.pdf Graphic file (type pdf)
<use FIGF2_mag_mom_traj.pdf>
Package pdftex.def Info: FIGF2_mag_mom_traj.pdf  used on input line 85.
(pdftex.def)             Requested size: 390.0pt x 129.99768pt.
[9 <./FIGF1_mag_azimuth.pdf>] [10 <./FIGF2_mag_mom_traj.pdf>]
<FIGG_polar.pdf, id=258, 1011.78pt x 361.35pt>
File: FIGG_polar.pdf Graphic file (type pdf)
<use FIGG_polar.pdf>
Package pdftex.def Info: FIGG_polar.pdf  used on input line 102.
(pdftex.def)             Requested size: 390.0pt x 139.28835pt.
 [11] [12 <./FIGG_polar.pdf>]
<FIGH1_magnet_rolling.pdf, id=309, 1011.78pt x 505.89pt>
File: FIGH1_magnet_rolling.pdf Graphic file (type pdf)
<use FIGH1_magnet_rolling.pdf>
Package pdftex.def Info: FIGH1_magnet_rolling.pdf  used on input line 121.
(pdftex.def)             Requested size: 390.0pt x 195.00368pt.
<FIGH2_projection_rolling.pdf, id=310, 505.89pt x 361.35pt>
File: FIGH2_projection_rolling.pdf Graphic file (type pdf)
<use FIGH2_projection_rolling.pdf>
Package pdftex.def Info: FIGH2_projection_rolling.pdf  used on input line 127.
(pdftex.def)             Requested size: 390.0pt x 278.57669pt.
<FIGH3_projection_looping.pdf, id=311, 505.89pt x 361.35pt>
File: FIGH3_projection_looping.pdf Graphic file (type pdf)
<use FIGH3_projection_looping.pdf>
Package pdftex.def Info: FIGH3_projection_looping.pdf  used on input line 133.
(pdftex.def)             Requested size: 390.0pt x 278.57669pt.
 [13 <./FIGH1_magnet_rolling.pdf>]
<FIGH4_magnet_looping.pdf, id=358, 1011.78pt x 505.89pt>
File: FIGH4_magnet_looping.pdf Graphic file (type pdf)
<use FIGH4_magnet_looping.pdf>
Package pdftex.def Info: FIGH4_magnet_looping.pdf  used on input line 139.
(pdftex.def)             Requested size: 390.0pt x 195.00368pt.
 [14 <./FIGH2_projection_rolling.pdf>] [15 <./FIGH3_projection_looping.pdf> <./FIGH4_magnet_looping.pdf>]
<FIGI_comp_dev.pdf, id=457, 505.89pt x 361.35pt>
File: FIGI_comp_dev.pdf Graphic file (type pdf)
<use FIGI_comp_dev.pdf>
Package pdftex.def Info: FIGI_comp_dev.pdf  used on input line 154.
(pdftex.def)             Requested size: 390.0pt x 278.57669pt.
 [16 <./FIGI_comp_dev.pdf>]
<FIGD1_mag_mom_3d.pdf, id=490, 650.43pt x 505.89pt>
File: FIGD1_mag_mom_3d.pdf Graphic file (type pdf)
<use FIGD1_mag_mom_3d.pdf>
Package pdftex.def Info: FIGD1_mag_mom_3d.pdf  used on input line 163.
(pdftex.def)             Requested size: 390.0pt x 303.34335pt.
<FIGD2_mag_mom_2d.pdf, id=491, 939.51pt x 361.35pt>
File: FIGD2_mag_mom_2d.pdf Graphic file (type pdf)
<use FIGD2_mag_mom_2d.pdf>
Package pdftex.def Info: FIGD2_mag_mom_2d.pdf  used on input line 169.
(pdftex.def)             Requested size: 390.0pt x 149.99605pt.
<FIGD3_mag_mom_traj.pdf, id=492, 1011.78pt x 1011.78pt>
File: FIGD3_mag_mom_traj.pdf Graphic file (type pdf)
<use FIGD3_mag_mom_traj.pdf>
Package pdftex.def Info: FIGD3_mag_mom_traj.pdf  used on input line 175.
(pdftex.def)             Requested size: 390.0pt x 390.00737pt.
 [17 <./FIGD1_mag_mom_3d.pdf>] [18 <./FIGD2_mag_mom_2d.pdf>] [19 <./FIGD3_mag_mom_traj.pdf>]
<FIGE_mag_mom_z.pdf, id=598, 1011.78pt x 361.35pt>
File: FIGE_mag_mom_z.pdf Graphic file (type pdf)
<use FIGE_mag_mom_z.pdf>
Package pdftex.def Info: FIGE_mag_mom_z.pdf  used on input line 186.
(pdftex.def)             Requested size: 390.0pt x 139.28835pt.
 [20 <./FIGE_mag_mom_z.pdf>] (./main.aux)
 ***********
LaTeX2e <2025-11-01>
L3 programming layer <2026-01-19>
 ***********
 ) 
Here is how much of TeX's memory you used:
 3012 strings out of 467533
 46518 string characters out of 5419495
 461496 words of memory out of 5000000
 31900 multiletter control sequences out of 15000+600000
 635190 words of font info for 65 fonts, out of 8000000 for 9000
 1141 hyphenation exceptions out of 8191
 57i,7n,83p,1492b,299s stack positions out of 10000i,1000n,20000p,200000b,200000s
</usr/local/texlive/2025/texmf-dist/fonts/type1/public/amsfonts/cm/cmbx12.pfb></usr/local/texlive/2025/texmf-dist/fonts/type1/public/amsfonts/cm/cmmi12.pfb></usr/local/texlive/2025/texmf-dist/fonts/type1/public/amsfonts/cm/cmmi8.pfb></usr/local/texlive/2025/texmf-dist/fonts/type1/public/amsfonts/cm/cmmib10.pfb></usr/local/texlive/2025/texmf-dist/fonts/type1/public/amsfonts/cm/cmr12.pfb></usr/local/texlive/2025/texmf-dist/fonts/type1/public/amsfonts/cm/cmr8.pfb></usr/local/texlive/2025/texmf-dist/fonts/type1/public/amsfonts/cm/cmsy10.pfb></usr/local/texlive/2025/texmf-dist/fonts/type1/public/amsfonts/cm/cmsy8.pfb></usr/local/texlive/2025/texmf-dist/fonts/type1/public/amsfonts/cm/cmti12.pfb></usr/local/texlive/2025/texmf-dist/fonts/type1/public/cm-super/sfrm1200.pfb>
Output written on main.pdf (20 pages, 446903 bytes).
PDF statistics:
 678 PDF objects out of 1000 (max. 8388607)
 248 compressed objects within 3 object streams
 0 named destinations out of 1000 (max. 500000)
 86 words of extra memory for PDF output out of 10000 (max. 10000000)

