This is pdfTeX, Version 3.141592653-2.6-1.40.29 (TeX Live 2026) (preloaded format=pdflatex 2026.5.10)  30 MAY 2026 23:07
entering extended mode
 restricted \write18 enabled.
 file:line:error style messages enabled.
 %&-line parsing enabled.
**main.tex
(./main.tex
LaTeX2e <2025-11-01>
L3 programming layer <2026-03-20>
(/usr/local/texlive/2026/texmf-dist/tex/latex/base/article.cls
Document Class: article 2025/01/22 v1.4n Standard LaTeX document class
(/usr/local/texlive/2026/texmf-dist/tex/latex/base/size12.clo
File: size12.clo 2025/01/22 v1.4n Standard LaTeX file (size option)
)
\c@part=\count275
\c@section=\count276
\c@subsection=\count277
\c@subsubsection=\count278
\c@paragraph=\count279
\c@subparagraph=\count280
\c@figure=\count281
\c@table=\count282
\abovecaptionskip=\skip49
\belowcaptionskip=\skip50
\bibindent=\dimen150
) (/usr/local/texlive/2026/texmf-dist/tex/latex/base/inputenc.sty
Package: inputenc 2024/02/08 v1.3d Input encoding file
\inpenc@prehook=\toks17
\inpenc@posthook=\toks18
) (/usr/local/texlive/2026/texmf-dist/tex/latex/amsmath/amsmath.sty
Package: amsmath 2025/07/09 v2.17z AMS math features
\@mathmargin=\skip51

For additional information on amsmath, use the `?' option.
(/usr/local/texlive/2026/texmf-dist/tex/latex/amsmath/amstext.sty
Package: amstext 2024/11/17 v2.01 AMS text
 (/usr/local/texlive/2026/texmf-dist/tex/latex/amsmath/amsgen.sty
File: amsgen.sty 1999/11/30 v2.0 generic functions
\@emptytoks=\toks19
\ex@=\dimen151
)) (/usr/local/texlive/2026/texmf-dist/tex/latex/amsmath/amsbsy.sty
Package: amsbsy 1999/11/29 v1.2d Bold Symbols
\pmbraise@=\dimen152
) (/usr/local/texlive/2026/texmf-dist/tex/latex/amsmath/amsopn.sty
Package: amsopn 2022/04/08 v2.04 operator names
)
\inf@bad=\count283
LaTeX Info: Redefining \frac on input line 233.
\uproot@=\count284
\leftroot@=\count285
LaTeX Info: Redefining \overline on input line 398.
LaTeX Info: Redefining \colon on input line 409.
\classnum@=\count286
\DOTSCASE@=\count287
LaTeX Info: Redefining \ldots on input line 495.
LaTeX Info: Redefining \dots on input line 498.
LaTeX Info: Redefining \cdots on input line 619.
\Mathstrutbox@=\box53
\strutbox@=\box54
LaTeX Info: Redefining \big on input line 721.
LaTeX Info: Redefining \Big on input line 722.
LaTeX Info: Redefining \bigg on input line 723.
LaTeX Info: Redefining \Bigg on input line 724.
\big@size=\dimen153
LaTeX Font Info:    Redeclaring font encoding OML on input line 742.
LaTeX Font Info:    Redeclaring font encoding OMS on input line 743.
\macc@depth=\count288
LaTeX Info: Redefining \bmod on input line 904.
LaTeX Info: Redefining \pmod on input line 909.
LaTeX Info: Redefining \smash on input line 939.
LaTeX Info: Redefining \relbar on input line 969.
LaTeX Info: Redefining \Relbar on input line 970.
\c@MaxMatrixCols=\count289
\dotsspace@=\muskip17
\c@parentequation=\count290
\dspbrk@lvl=\count291
\tag@help=\toks20
\row@=\count292
\column@=\count293
\maxfields@=\count294
\andhelp@=\toks21
\eqnshift@=\dimen154
\alignsep@=\dimen155
\tagshift@=\dimen156
\tagwidth@=\dimen157
\totwidth@=\dimen158
\lineht@=\dimen159
\@envbody=\toks22
\multlinegap=\skip52
\multlinetaggap=\skip53
\mathdisplay@stack=\toks23
LaTeX Info: Redefining \[ on input line 2950.
LaTeX Info: Redefining \] on input line 2951.
) (/usr/local/texlive/2026/texmf-dist/tex/latex/tools/bm.sty
Package: bm 2025/10/21 v1.2g Bold Symbol Support (DPC/FMi)
\symboldoperators=\mathgroup4
\symboldletters=\mathgroup5
\symboldsymbols=\mathgroup6
Package bm Info: No bold for \OMX/cmex/m/n, using \pmb.
LaTeX Font Info:    Redeclaring math alphabet \mathbf on input line 149.
) (/usr/local/texlive/2026/texmf-dist/tex/latex/graphics/graphicx.sty
Package: graphicx 2024/12/31 v1.2e Enhanced LaTeX Graphics (DPC,SPQR)
 (/usr/local/texlive/2026/texmf-dist/tex/latex/graphics/keyval.sty
Package: keyval 2022/05/29 v1.15 key=value parser (DPC)
\KV@toks@=\toks24
) (/usr/local/texlive/2026/texmf-dist/tex/latex/graphics/graphics.sty
Package: graphics 2024/08/06 v1.4g Standard LaTeX Graphics (DPC,SPQR)
 (/usr/local/texlive/2026/texmf-dist/tex/latex/graphics/trig.sty
Package: trig 2023/12/02 v1.11 sin cos tan (DPC)
) (/usr/local/texlive/2026/texmf-dist/tex/latex/graphics-cfg/graphics.cfg
File: graphics.cfg 2016/06/04 v1.11 sample graphics configuration
)
Package graphics Info: Driver file: pdftex.def on input line 106.
 (/usr/local/texlive/2026/texmf-dist/tex/latex/graphics-def/pdftex.def
File: pdftex.def 2025/09/29 v1.2d Graphics/color driver for pdftex
))
\Gin@req@height=\dimen160
\Gin@req@width=\dimen161
) (/usr/local/texlive/2026/texmf-dist/tex/latex/xcolor/xcolor.sty
Package: xcolor 2024/09/29 v3.02 LaTeX color extensions (UK)
 (/usr/local/texlive/2026/texmf-dist/tex/latex/graphics-cfg/color.cfg
File: color.cfg 2016/01/02 v1.6 sample color configuration
)
Package xcolor Info: Driver file: pdftex.def on input line 274.
 (/usr/local/texlive/2026/texmf-dist/tex/latex/graphics/mathcolor.ltx)
Package xcolor Info: Model `cmy' substituted by `cmy0' on input line 1349.
Package xcolor Info: Model `hsb' substituted by `rgb' on input line 1353.
Package xcolor Info: Model `RGB' extended on input line 1365.
Package xcolor Info: Model `HTML' substituted by `rgb' on input line 1367.
Package xcolor Info: Model `Hsb' substituted by `hsb' on input line 1368.
Package xcolor Info: Model `tHsb' substituted by `hsb' on input line 1369.
Package xcolor Info: Model `HSB' substituted by `hsb' on input line 1370.
Package xcolor Info: Model `Gray' substituted by `gray' on input line 1371.
Package xcolor Info: Model `wave' substituted by `hsb' on input line 1372.
) (/usr/local/texlive/2026/texmf-dist/tex/latex/colortbl/colortbl.sty
Package: colortbl 2026/05/01 v1.0l Color table columns (DPC)
 (/usr/local/texlive/2026/texmf-dist/tex/latex/tools/array.sty
Package: array 2025/09/25 v2.6n Tabular extension package (FMi)
\col@sep=\dimen162
\ar@mcellbox=\box55
\extrarowheight=\dimen163
\NC@list=\toks25
\extratabsurround=\skip54
\backup@length=\skip55
\ar@cellbox=\box56
)
\everycr=\toks26
\minrowclearance=\skip56
\rownum=\count295
) (/usr/local/texlive/2026/texmf-dist/tex/latex/float/float.sty
Package: float 2001/11/08 v1.3d Float enhancements (AL)
\c@float@type=\count296
\float@exts=\toks27
\float@box=\box57
\@float@everytoks=\toks28
\@floatcapt=\box58
) (/usr/local/texlive/2026/texmf-dist/tex/latex/l3backend/l3backend-pdftex.def
File: l3backend-pdftex.def 2026-02-18 L3 backend support: PDF output (pdfTeX)
\l__color_backend_stack_int=\count297
) (./main.aux)
\openout1 = `main.aux'.

LaTeX Font Info:    Checking defaults for OML/cmm/m/it on input line 11.
LaTeX Font Info:    ... okay on input line 11.
LaTeX Font Info:    Checking defaults for OMS/cmsy/m/n on input line 11.
LaTeX Font Info:    ... okay on input line 11.
LaTeX Font Info:    Checking defaults for OT1/cmr/m/n on input line 11.
LaTeX Font Info:    ... okay on input line 11.
LaTeX Font Info:    Checking defaults for T1/cmr/m/n on input line 11.
LaTeX Font Info:    ... okay on input line 11.
LaTeX Font Info:    Checking defaults for TS1/cmr/m/n on input line 11.
LaTeX Font Info:    ... okay on input line 11.
LaTeX Font Info:    Checking defaults for OMX/cmex/m/n on input line 11.
LaTeX Font Info:    ... okay on input line 11.
LaTeX Font Info:    Checking defaults for U/cmr/m/n on input line 11.
LaTeX Font Info:    ... okay on input line 11.
 (/usr/local/texlive/2026/texmf-dist/tex/context/base/mkii/supp-pdf.mkii
[Loading MPS to PDF converter (version 2006.09.02).]
\scratchcounter=\count298
\scratchdimen=\dimen164
\scratchbox=\box59
\nofMPsegments=\count299
\nofMParguments=\count300
\everyMPshowfont=\toks29
\MPscratchCnt=\count301
\MPscratchDim=\dimen165
\MPnumerator=\count302
\makeMPintoPDFobject=\count303
\everyMPtoPDFconversion=\toks30
) (/usr/local/texlive/2026/texmf-dist/tex/latex/epstopdf-pkg/epstopdf-base.sty
Package: epstopdf-base 2020-01-24 v2.11 Base part for package epstopdf
Package epstopdf-base Info: Redefining graphics rule for `.eps' on input line 485.
 (/usr/local/texlive/2026/texmf-dist/tex/latex/latexconfig/epstopdf-sys.cfg
File: epstopdf-sys.cfg 2010/07/13 v1.3 Configuration of (r)epstopdf for TeX Live
)) (./main.toc)
\tf@toc=\write3
\openout3 = `main.toc'.

 [1

{/usr/local/texlive/2026/texmf-var/fonts/map/pdftex/updmap/pdftex.map}]
<ramp.pdf, id=8, 261.97874pt x 180.675pt>
File: ramp.pdf Graphic file (type pdf)
<use ramp.pdf>
Package pdftex.def Info: ramp.pdf  used on input line 29.
(pdftex.def)             Requested size: 390.0pt x 268.97449pt.
<flat.pdf, id=9, 178.6675pt x 86.3225pt>
File: flat.pdf Graphic file (type pdf)
<use flat.pdf>
Package pdftex.def Info: flat.pdf  used on input line 35.
(pdftex.def)             Requested size: 390.0pt x 188.43742pt.
 [2{/usr/local/texlive/2026/texmf-dist/fonts/enc/dvips/cm-super/cm-super-ts1.enc}]
<xyparam.pdf, id=19, 116.435pt x 68.255pt>
File: xyparam.pdf Graphic file (type pdf)
<use xyparam.pdf>
Package pdftex.def Info: xyparam.pdf  used on input line 41.
(pdftex.def)             Requested size: 155.99762pt x 91.456pt.
<yzparam.pdf, id=20, 115.43124pt x 95.35625pt>
File: yzparam.pdf Graphic file (type pdf)
<use yzparam.pdf>
Package pdftex.def Info: yzparam.pdf  used on input line 42.
(pdftex.def)             Requested size: 155.99762pt x 128.87668pt.
 [3 <./ramp.pdf>] [4 <./flat.pdf> <./xyparam.pdf

pdfTeX warning: pdflatex (file ./xyparam.pdf): PDF inclusion: multiple pdfs with page group included in a single page
> <./yzparam.pdf

pdfTeX warning: pdflatex (file ./yzparam.pdf): PDF inclusion: multiple pdfs with page group included in a single page
>]
<FIGA1_no_mag_traj.pdf, id=34, 462.52798pt x 317.98799pt>
File: FIGA1_no_mag_traj.pdf Graphic file (type pdf)
<use FIGA1_no_mag_traj.pdf>
Package pdftex.def Info: FIGA1_no_mag_traj.pdf  used on input line 51.
(pdftex.def)             Requested size: 390.0pt x 268.13672pt.
<FIGA2_no_mag_fric_energ.pdf, id=35, 462.52798pt x 317.98799pt>
File: FIGA2_no_mag_fric_energ.pdf Graphic file (type pdf)
<use FIGA2_no_mag_fric_energ.pdf>
Package pdftex.def Info: FIGA2_no_mag_fric_energ.pdf  used on input line 57.
(pdftex.def)             Requested size: 175.49881pt x 120.65715pt.
<FIGA3_no_mag_fric_traj.pdf, id=36, 462.52798pt x 317.98799pt>
File: FIGA3_no_mag_fric_traj.pdf Graphic file (type pdf)
<use FIGA3_no_mag_fric_traj.pdf>
Package pdftex.def Info: FIGA3_no_mag_fric_traj.pdf  used on input line 58.
(pdftex.def)             Requested size: 175.49881pt x 120.65715pt.
 [5 <./FIGA1_no_mag_traj.pdf>] [6 <./FIGA2_no_mag_fric_energ.pdf> <./FIGA3_no_mag_fric_traj.pdf>] [7] [8]
<FIGF1_combined.pdf, id=171, 1011.78pt x 361.35pt>
File: FIGF1_combined.pdf Graphic file (type pdf)
<use FIGF1_combined.pdf>
Package pdftex.def Info: FIGF1_combined.pdf  used on input line 85.
(pdftex.def)             Requested size: 390.0pt x 139.28835pt.

Overfull \hbox (27.82193pt too wide) in paragraph at lines 81--87
\OT1/cmr/m/n/12 with po-lar an-gle $\OML/cmm/m/it/12 '$ \OT1/cmr/m/n/12 and mod-u-lus $\OML/cmm/m/it/12 ^^V \OT1/cmr/m/n/12 = \OMS/cmsy/m/n/12 k\OML/cmm/b/it/12 ^^V\OMS/cmsy/m/n/12 k$\OT1/cmr/m/n/12 . For each mod-u-lus $\OML/cmm/m/it/12 ^^V \OMS/cmsy/m/n/12 2 f\OT1/cmr/m/n/12 0\OML/cmm/m/it/12 :\OT1/cmr/m/n/12 0\OML/cmm/m/it/12 ; \OT1/cmr/m/n/12 0\OML/cmm/m/it/12 :\OT1/cmr/m/n/12 1\OML/cmm/m/it/12 ; [] ; \OT1/cmr/m/n/12 2\OML/cmm/m/it/12 :\OT1/cmr/m/n/12 5\OMS/cmsy/m/n/12 g$\OT1/cmr/m/n/12 ,
 []

<FIGF2_combined.pdf, id=172, 1084.05pt x 722.7pt>
File: FIGF2_combined.pdf Graphic file (type pdf)
<use FIGF2_combined.pdf>
Package pdftex.def Info: FIGF2_combined.pdf  used on input line 91.
(pdftex.def)             Requested size: 390.0pt x 259.99536pt.
[9 <./FIGF1_combined.pdf>] [10 <./FIGF2_combined.pdf>]
<FIGG_polar.pdf, id=353, 1011.78pt x 361.35pt>
File: FIGG_polar.pdf Graphic file (type pdf)
<use FIGG_polar.pdf>
Package pdftex.def Info: FIGG_polar.pdf  used on input line 108.
(pdftex.def)             Requested size: 390.0pt x 139.28835pt.
 [11] [12 <./FIGG_polar.pdf>]
<FIGH1_magnet_rolling.pdf, id=379, 1011.78pt x 505.89pt>
File: FIGH1_magnet_rolling.pdf Graphic file (type pdf)
<use FIGH1_magnet_rolling.pdf>
Package pdftex.def Info: FIGH1_magnet_rolling.pdf  used on input line 127.
(pdftex.def)             Requested size: 390.0pt x 195.00368pt.
<FIGH2_projection_rolling.pdf, id=380, 505.89pt x 361.35pt>
File: FIGH2_projection_rolling.pdf Graphic file (type pdf)
<use FIGH2_projection_rolling.pdf>
Package pdftex.def Info: FIGH2_projection_rolling.pdf  used on input line 133.
(pdftex.def)             Requested size: 390.0pt x 278.57669pt.
 [13]
<FIGH3_projection_looping.pdf, id=385, 505.89pt x 361.35pt>
File: FIGH3_projection_looping.pdf Graphic file (type pdf)
<use FIGH3_projection_looping.pdf>
Package pdftex.def Info: FIGH3_projection_looping.pdf  used on input line 139.
(pdftex.def)             Requested size: 390.0pt x 278.57669pt.
<FIGH4_magnet_looping.pdf, id=386, 1011.78pt x 505.89pt>
File: FIGH4_magnet_looping.pdf Graphic file (type pdf)
<use FIGH4_magnet_looping.pdf>
Package pdftex.def Info: FIGH4_magnet_looping.pdf  used on input line 145.
(pdftex.def)             Requested size: 390.0pt x 195.00368pt.
 [14 <./FIGH1_magnet_rolling.pdf> <./FIGH2_projection_rolling.pdf>]
<FIGH5_overlay.pdf, id=460, 1011.78pt x 505.89pt>
File: FIGH5_overlay.pdf Graphic file (type pdf)
<use FIGH5_overlay.pdf>
Package pdftex.def Info: FIGH5_overlay.pdf  used on input line 151.
(pdftex.def)             Requested size: 390.0pt x 195.00368pt.
 [15 <./FIGH3_projection_looping.pdf> <./FIGH4_magnet_looping.pdf>] [16 <./FIGH5_overlay.pdf>]
<FIGI_comp_dev.pdf, id=571, 505.89pt x 361.35pt>
File: FIGI_comp_dev.pdf Graphic file (type pdf)
<use FIGI_comp_dev.pdf>
Package pdftex.def Info: FIGI_comp_dev.pdf  used on input line 166.
(pdftex.def)             Requested size: 390.0pt x 278.57669pt.
 [17 <./FIGI_comp_dev.pdf>]
<FIGK.pdf, id=604, 521.7496pt x 341.80904pt>
File: FIGK.pdf Graphic file (type pdf)
<use FIGK.pdf>
Package pdftex.def Info: FIGK.pdf  used on input line 185.
(pdftex.def)             Requested size: 390.0pt x 255.5112pt.
 [18] [19 <./FIGK.pdf>] (./main.aux)
 ***********
LaTeX2e <2025-11-01>
L3 programming layer <2026-03-20>
 ***********
 ) 
Here is how much of TeX's memory you used:
 3031 strings out of 467349
 46451 string characters out of 5415641
 464945 words of memory out of 5000000
 32089 multiletter control sequences out of 15000+600000
 638401 words of font info for 76 fonts, out of 8000000 for 9000
 1141 hyphenation exceptions out of 8191
 57i,8n,83p,1248b,299s stack positions out of 10000i,1000n,20000p,200000b,200000s
</usr/local/texlive/2026/texmf-dist/fonts/type1/public/amsfonts/cm/cmbx12.pfb></usr/local/texlive/2026/texmf-dist/fonts/type1/public/amsfonts/cm/cmmi10.pfb></usr/local/texlive/2026/texmf-dist/fonts/type1/public/amsfonts/cm/cmmi12.pfb></usr/local/texlive/2026/texmf-dist/fonts/type1/public/amsfonts/cm/cmmi8.pfb></usr/local/texlive/2026/texmf-dist/fonts/type1/public/amsfonts/cm/cmmi9.pfb></usr/local/texlive/2026/texmf-dist/fonts/type1/public/amsfonts/cm/cmmib10.pfb></usr/local/texlive/2026/texmf-dist/fonts/type1/public/amsfonts/cm/cmr10.pfb></usr/local/texlive/2026/texmf-dist/fonts/type1/public/amsfonts/cm/cmr12.pfb></usr/local/texlive/2026/texmf-dist/fonts/type1/public/amsfonts/cm/cmr17.pfb></usr/local/texlive/2026/texmf-dist/fonts/type1/public/amsfonts/cm/cmr7.pfb></usr/local/texlive/2026/texmf-dist/fonts/type1/public/amsfonts/cm/cmr8.pfb></usr/local/texlive/2026/texmf-dist/fonts/type1/public/amsfonts/cm/cmr9.pfb></usr/local/texlive/2026/texmf-dist/fonts/type1/public/amsfonts/cm/cmss12.pfb></usr/local/texlive/2026/texmf-dist/fonts/type1/public/amsfonts/cm/cmss17.pfb></usr/local/texlive/2026/texmf-dist/fonts/type1/public/amsfonts/cm/cmsy10.pfb></usr/local/texlive/2026/texmf-dist/fonts/type1/public/amsfonts/cm/cmsy8.pfb></usr/local/texlive/2026/texmf-dist/fonts/type1/public/amsfonts/cm/cmti12.pfb></usr/local/texlive/2026/texmf-dist/fonts/type1/public/cm-super/sfrm1200.pfb>
Output written on main.pdf (19 pages, 1037021 bytes).
PDF statistics:
 702 PDF objects out of 1000 (max. 8388607)
 366 compressed objects within 4 object streams
 0 named destinations out of 1000 (max. 500000)
 86 words of extra memory for PDF output out of 10000 (max. 10000000)

